TDL2048-Demo
alpha = 0.1
total = 100000
seed = 2818194174
6-tuple pattern 012345, size = 16777216 (64MB)
6-tuple pattern 456789, size = 16777216 (64MB)
6-tuple pattern 012456, size = 16777216 (64MB)
6-tuple pattern 45689a, size = 16777216 (64MB)
1000	mean = 5932.1	max = 26396
	64	100%	(1%)
	128	99%	(8%)
	256	91%	(30.6%)
	512	60.4%	(49.7%)
	1024	10.7%	(10.5%)
	2048	0.2%	(0.2%)
2000	mean = 8301.38	max = 29580
	64	100%	(0.1%)
	128	99.9%	(2.8%)
	256	97.1%	(15.3%)
	512	81.8%	(53.1%)
	1024	28.7%	(28.2%)
	2048	0.5%	(0.5%)
3000	mean = 9783.65	max = 32952
	64	100%	(0.1%)
	128	99.9%	(1.2%)
	256	98.7%	(10.9%)
	512	87.8%	(45.5%)
	1024	42.3%	(40.3%)
	2048	2%	(2%)
4000	mean = 10802.6	max = 31280
	128	100%	(1%)
	256	99%	(8.3%)
	512	90.7%	(41.3%)
	1024	49.4%	(46.5%)
	2048	2.9%	(2.9%)
5000	mean = 11489.6	max = 32656
	128	100%	(0.6%)
	256	99.4%	(5.4%)
	512	94%	(37.8%)
	1024	56.2%	(52.2%)
	2048	4%	(4%)
6000	mean = 12462.4	max = 33456
	128	100%	(0.7%)
	256	99.3%	(4.8%)
	512	94.5%	(33.5%)
	1024	61%	(53.5%)
	2048	7.5%	(7.5%)
7000	mean = 13522.3	max = 38304
	128	100%	(0.4%)
	256	99.6%	(3.4%)
	512	96.2%	(29.1%)
	1024	67.1%	(57.4%)
	2048	9.7%	(9.7%)
8000	mean = 13864.6	max = 35756
	64	100%	(0.1%)
	128	99.9%	(0.5%)
	256	99.4%	(3.5%)
	512	95.9%	(29.1%)
	1024	66.8%	(56.2%)
	2048	10.6%	(10.6%)
9000	mean = 14946.1	max = 51212
	128	100%	(0.2%)
	256	99.8%	(3.1%)
	512	96.7%	(24.3%)
	1024	72.4%	(57.9%)
	2048	14.5%	(14.2%)
	4096	0.3%	(0.3%)
10000	mean = 15970.7	max = 53792
	128	100%	(0.3%)
	256	99.7%	(2.8%)
	512	96.9%	(23.6%)
	1024	73.3%	(54.9%)
	2048	18.4%	(18%)
	4096	0.4%	(0.4%)
6-tuple pattern 012345 is saved to td_afterstate.bin
6-tuple pattern 456789 is saved to td_afterstate.bin
6-tuple pattern 012456 is saved to td_afterstate.bin
6-tuple pattern 45689a is saved to td_afterstate.bin
11000	mean = 16556	max = 42504
	128	100%	(0.3%)
	256	99.7%	(1.8%)
	512	97.9%	(20.8%)
	1024	77.1%	(57%)
	2048	20.1%	(20.1%)
12000	mean = 17502.9	max = 58880
	128	100%	(0.3%)
	256	99.7%	(2.5%)
	512	97.2%	(18.6%)
	1024	78.6%	(55.2%)
	2048	23.4%	(22.8%)
	4096	0.6%	(0.6%)
13000	mean = 18210.6	max = 54804
	128	100%	(0.3%)
	256	99.7%	(2.2%)
	512	97.5%	(17.3%)
	1024	80.2%	(52.3%)
	2048	27.9%	(27.5%)
	4096	0.4%	(0.4%)
14000	mean = 18615	max = 55108
	128	100%	(0.3%)
	256	99.7%	(2.4%)
	512	97.3%	(16%)
	1024	81.3%	(52.4%)
	2048	28.9%	(27.9%)
	4096	1%	(1%)
15000	mean = 19564.9	max = 62244
	128	100%	(0.1%)
	256	99.9%	(2%)
	512	97.9%	(14.2%)
	1024	83.7%	(51%)
	2048	32.7%	(31.1%)
	4096	1.6%	(1.6%)
16000	mean = 20490	max = 58108
	256	100%	(1.9%)
	512	98.1%	(13.3%)
	1024	84.8%	(49.4%)
	2048	35.4%	(33.1%)
	4096	2.3%	(2.3%)
17000	mean = 20407.5	max = 62096
	128	100%	(0.1%)
	256	99.9%	(1.9%)
	512	98%	(13.7%)
	1024	84.3%	(48.3%)
	2048	36%	(34.5%)
	4096	1.5%	(1.5%)
18000	mean = 20895.4	max = 60892
	128	100%	(0.1%)
	256	99.9%	(2%)
	512	97.9%	(13.8%)
	1024	84.1%	(46.1%)
	2048	38%	(35.7%)
	4096	2.3%	(2.3%)
19000	mean = 21011.4	max = 61960
	64	100%	(0.1%)
	128	99.9%	(0.1%)
	256	99.8%	(1.6%)
	512	98.2%	(12.4%)
	1024	85.8%	(47.5%)
	2048	38.3%	(35.8%)
	4096	2.5%	(2.5%)
20000	mean = 21891.2	max = 75164
	256	100%	(1.8%)
	512	98.2%	(11.1%)
	1024	87.1%	(45.7%)
	2048	41.4%	(38.5%)
	4096	2.9%	(2.9%)
6-tuple pattern 012345 is saved to td_afterstate.bin
6-tuple pattern 456789 is saved to td_afterstate.bin
6-tuple pattern 012456 is saved to td_afterstate.bin
6-tuple pattern 45689a is saved to td_afterstate.bin
21000	mean = 22040.6	max = 62700
	128	100%	(0.3%)
	256	99.7%	(1.4%)
	512	98.3%	(9.6%)
	1024	88.7%	(46.4%)
	2048	42.3%	(39.4%)
	4096	2.9%	(2.9%)
22000	mean = 22912.9	max = 73100
	256	100%	(1.5%)
	512	98.5%	(9.1%)
	1024	89.4%	(45.4%)
	2048	44%	(39.8%)
	4096	4.2%	(4.2%)
23000	mean = 22139	max = 72120
	128	100%	(0.2%)
	256	99.8%	(2.3%)
	512	97.5%	(11.8%)
	1024	85.7%	(45.2%)
	2048	40.5%	(36.6%)
	4096	3.9%	(3.9%)
24000	mean = 23683.4	max = 64068
	128	100%	(0.3%)
	256	99.7%	(1.1%)
	512	98.6%	(9.3%)
	1024	89.3%	(42.3%)
	2048	47%	(42.6%)
	4096	4.4%	(4.4%)
25000	mean = 24228.8	max = 71488
	256	100%	(1.1%)
	512	98.9%	(9.2%)
	1024	89.7%	(39.5%)
	2048	50.2%	(45.6%)
	4096	4.6%	(4.6%)
26000	mean = 24346	max = 71984
	64	100%	(0.1%)
	256	99.9%	(1.4%)
	512	98.5%	(9.6%)
	1024	88.9%	(40.1%)
	2048	48.8%	(42.4%)
	4096	6.4%	(6.4%)
27000	mean = 25357.8	max = 76420
	128	100%	(0.3%)
	256	99.7%	(1.1%)
	512	98.6%	(7.4%)
	1024	91.2%	(38.2%)
	2048	53%	(47.2%)
	4096	5.8%	(5.8%)
28000	mean = 25200	max = 78012
	128	100%	(0.3%)
	256	99.7%	(1.6%)
	512	98.1%	(8.8%)
	1024	89.3%	(37.4%)
	2048	51.9%	(45.1%)
	4096	6.8%	(6.8%)
29000	mean = 25247	max = 66504
	128	100%	(0.3%)
	256	99.7%	(1.3%)
	512	98.4%	(9%)
	1024	89.4%	(35.7%)
	2048	53.7%	(48%)
	4096	5.7%	(5.7%)
30000	mean = 26121.3	max = 88164
	128	100%	(0.3%)
	256	99.7%	(1.1%)
	512	98.6%	(8%)
	1024	90.6%	(35.8%)
	2048	54.8%	(47.6%)
	4096	7.2%	(7.2%)
6-tuple pattern 012345 is saved to td_afterstate.bin
6-tuple pattern 456789 is saved to td_afterstate.bin
6-tuple pattern 012456 is saved to td_afterstate.bin
6-tuple pattern 45689a is saved to td_afterstate.bin
31000	mean = 25875.9	max = 78568
	128	100%	(0.2%)
	256	99.8%	(1.8%)
	512	98%	(7.9%)
	1024	90.1%	(37%)
	2048	53.1%	(46.6%)
	4096	6.5%	(6.5%)
32000	mean = 26051.9	max = 106304
	128	100%	(0.2%)
	256	99.8%	(1%)
	512	98.8%	(9.7%)
	1024	89.1%	(35.5%)
	2048	53.6%	(46.2%)
	4096	7.4%	(7.2%)
	8192	0.2%	(0.2%)
33000	mean = 26529.1	max = 78740
	128	100%	(0.1%)
	256	99.9%	(1%)
	512	98.9%	(8%)
	1024	90.9%	(34.3%)
	2048	56.6%	(50%)
	4096	6.6%	(6.6%)
34000	mean = 26701.7	max = 78268
	64	100%	(0.1%)
	128	99.9%	(0.2%)
	256	99.7%	(1.1%)
	512	98.6%	(9.4%)
	1024	89.2%	(33%)
	2048	56.2%	(47.8%)
	4096	8.4%	(8.4%)
35000	mean = 28032.3	max = 79048
	128	100%	(0.1%)
	256	99.9%	(1.2%)
	512	98.7%	(7.4%)
	1024	91.3%	(30.7%)
	2048	60.6%	(51.2%)
	4096	9.4%	(9.4%)
36000	mean = 27678.9	max = 78032
	64	100%	(0.1%)
	128	99.9%	(0.4%)
	256	99.5%	(1%)
	512	98.5%	(6.9%)
	1024	91.6%	(32.8%)
	2048	58.8%	(49.8%)
	4096	9%	(9%)
37000	mean = 28061.4	max = 77988
	256	100%	(1.2%)
	512	98.8%	(7.3%)
	1024	91.5%	(31.2%)
	2048	60.3%	(50.7%)
	4096	9.6%	(9.6%)
38000	mean = 27282.1	max = 78356
	128	100%	(0.6%)
	256	99.4%	(1.2%)
	512	98.2%	(10.1%)
	1024	88.1%	(31.4%)
	2048	56.7%	(46.4%)
	4096	10.3%	(10.3%)
39000	mean = 27051.6	max = 81040
	128	100%	(0.1%)
	256	99.9%	(1.2%)
	512	98.7%	(8.8%)
	1024	89.9%	(32.4%)
	2048	57.5%	(50%)
	4096	7.5%	(7.5%)
40000	mean = 29470.9	max = 97204
	128	100%	(0.1%)
	256	99.9%	(0.8%)
	512	99.1%	(7.4%)
	1024	91.7%	(27.5%)
	2048	64.2%	(52.6%)
	4096	11.6%	(11.5%)
	8192	0.1%	(0.1%)
6-tuple pattern 012345 is saved to td_afterstate.bin
6-tuple pattern 456789 is saved to td_afterstate.bin
6-tuple pattern 012456 is saved to td_afterstate.bin
6-tuple pattern 45689a is saved to td_afterstate.bin
41000	mean = 28828.9	max = 78936
	64	100%	(0.1%)
	128	99.9%	(0.1%)
	256	99.8%	(0.9%)
	512	98.9%	(7.2%)
	1024	91.7%	(29.2%)
	2048	62.5%	(53%)
	4096	9.5%	(9.5%)
42000	mean = 29472.2	max = 107460
	64	100%	(0.1%)
	256	99.9%	(0.7%)
	512	99.2%	(6.5%)
	1024	92.7%	(30.3%)
	2048	62.4%	(50.5%)
	4096	11.9%	(11.8%)
	8192	0.1%	(0.1%)
43000	mean = 29626.4	max = 85280
	128	100%	(0.2%)
	256	99.8%	(1.2%)
	512	98.6%	(7.9%)
	1024	90.7%	(26.6%)
	2048	64.1%	(51.4%)
	4096	12.7%	(12.7%)
44000	mean = 28939.5	max = 79344
	64	100%	(0.1%)
	128	99.9%	(0.2%)
	256	99.7%	(0.9%)
	512	98.8%	(6.6%)
	1024	92.2%	(30.5%)
	2048	61.7%	(50.9%)
	4096	10.8%	(10.8%)
45000	mean = 29956.8	max = 111288
	128	100%	(0.2%)
	256	99.8%	(1.1%)
	512	98.7%	(6.9%)
	1024	91.8%	(28.6%)
	2048	63.2%	(50.7%)
	4096	12.5%	(12.3%)
	8192	0.2%	(0.2%)
46000	mean = 30495.5	max = 109364
	64	100%	(0.1%)
	128	99.9%	(0.2%)
	256	99.7%	(1.3%)
	512	98.4%	(6.9%)
	1024	91.5%	(26.6%)
	2048	64.9%	(51.5%)
	4096	13.4%	(13.3%)
	8192	0.1%	(0.1%)
47000	mean = 32007.8	max = 100216
	64	100%	(0.1%)
	128	99.9%	(0.3%)
	256	99.6%	(1.2%)
	512	98.4%	(5.7%)
	1024	92.7%	(24.3%)
	2048	68.4%	(52%)
	4096	16.4%	(16.2%)
	8192	0.2%	(0.2%)
48000	mean = 31478.8	max = 85524
	256	100%	(1.3%)
	512	98.7%	(7.7%)
	1024	91%	(23.8%)
	2048	67.2%	(51.9%)
	4096	15.3%	(15.3%)
49000	mean = 31767.7	max = 91916
	64	100%	(0.1%)
	128	99.9%	(0.1%)
	256	99.8%	(0.7%)
	512	99.1%	(5.4%)
	1024	93.7%	(27%)
	2048	66.7%	(51%)
	4096	15.7%	(15.7%)
50000	mean = 30981.8	max = 109232
	64	100%	(0.1%)
	256	99.9%	(0.5%)
	512	99.4%	(7%)
	1024	92.4%	(27.6%)
	2048	64.8%	(49.1%)
	4096	15.7%	(15.6%)
	8192	0.1%	(0.1%)
6-tuple pattern 012345 is saved to td_afterstate.bin
6-tuple pattern 456789 is saved to td_afterstate.bin
6-tuple pattern 012456 is saved to td_afterstate.bin
6-tuple pattern 45689a is saved to td_afterstate.bin
51000	mean = 30016.1	max = 104600
	64	100%	(0.1%)
	128	99.9%	(0.3%)
	256	99.6%	(1.3%)
	512	98.3%	(7.6%)
	1024	90.7%	(26.6%)
	2048	64.1%	(51.1%)
	4096	13%	(12.9%)
	8192	0.1%	(0.1%)
52000	mean = 31599.8	max = 98876
	64	100%	(0.2%)
	128	99.8%	(0.2%)
	256	99.6%	(1.3%)
	512	98.3%	(6.1%)
	1024	92.2%	(24.9%)
	2048	67.3%	(51.9%)
	4096	15.4%	(15.3%)
	8192	0.1%	(0.1%)
53000	mean = 31403.4	max = 105200
	128	100%	(0.1%)
	256	99.9%	(0.9%)
	512	99%	(8.2%)
	1024	90.8%	(25.7%)
	2048	65.1%	(49.6%)
	4096	15.5%	(15.1%)
	8192	0.4%	(0.4%)
54000	mean = 32253	max = 119156
	128	100%	(0.1%)
	256	99.9%	(0.4%)
	512	99.5%	(5.8%)
	1024	93.7%	(25.8%)
	2048	67.9%	(50.8%)
	4096	17.1%	(16.9%)
	8192	0.2%	(0.2%)
55000	mean = 33471.1	max = 109532
	128	100%	(0.2%)
	256	99.8%	(0.4%)
	512	99.4%	(6.9%)
	1024	92.5%	(22.5%)
	2048	70%	(51.8%)
	4096	18.2%	(17.9%)
	8192	0.3%	(0.3%)
56000	mean = 33121.2	max = 117508
	64	100%	(0.1%)
	128	99.9%	(0.1%)
	256	99.8%	(1.2%)
	512	98.6%	(7.1%)
	1024	91.5%	(21.9%)
	2048	69.6%	(51.3%)
	4096	18.3%	(17.7%)
	8192	0.6%	(0.6%)
57000	mean = 33156.3	max = 117412
	64	100%	(0.1%)
	128	99.9%	(0.2%)
	256	99.7%	(1.5%)
	512	98.2%	(5.7%)
	1024	92.5%	(22.3%)
	2048	70.2%	(51.7%)
	4096	18.5%	(18.4%)
	8192	0.1%	(0.1%)
58000	mean = 33342	max = 105016
	64	100%	(0.1%)
	256	99.9%	(0.8%)
	512	99.1%	(6%)
	1024	93.1%	(21.7%)
	2048	71.4%	(53.9%)
	4096	17.5%	(17.4%)
	8192	0.1%	(0.1%)
59000	mean = 34532.9	max = 106456
	128	100%	(0.3%)
	256	99.7%	(0.5%)
	512	99.2%	(5.7%)
	1024	93.5%	(21.8%)
	2048	71.7%	(49.2%)
	4096	22.5%	(22.2%)
	8192	0.3%	(0.3%)
60000	mean = 33867.8	max = 109132
	64	100%	(0.1%)
	128	99.9%	(0.1%)
	256	99.8%	(1.1%)
	512	98.7%	(5.9%)
	1024	92.8%	(21.9%)
	2048	70.9%	(51%)
	4096	19.9%	(19.7%)
	8192	0.2%	(0.2%)
6-tuple pattern 012345 is saved to td_afterstate.bin
6-tuple pattern 456789 is saved to td_afterstate.bin
6-tuple pattern 012456 is saved to td_afterstate.bin
6-tuple pattern 45689a is saved to td_afterstate.bin
61000	mean = 34390.3	max = 131188
	128	100%	(0.1%)
	256	99.9%	(0.5%)
	512	99.4%	(5.5%)
	1024	93.9%	(21.7%)
	2048	72.2%	(51.8%)
	4096	20.4%	(20%)
	8192	0.4%	(0.4%)
62000	mean = 35295.4	max = 117456
	128	100%	(0.1%)
	256	99.9%	(0.7%)
	512	99.2%	(5.1%)
	1024	94.1%	(22%)
	2048	72.1%	(49.6%)
	4096	22.5%	(22%)
	8192	0.5%	(0.5%)
63000	mean = 33760.3	max = 132644
	128	100%	(0.2%)
	256	99.8%	(1.6%)
	512	98.2%	(5.7%)
	1024	92.5%	(23.4%)
	2048	69.1%	(48.7%)
	4096	20.4%	(19.9%)
	8192	0.5%	(0.5%)
64000	mean = 34893.6	max = 107812
	128	100%	(0.1%)
	256	99.9%	(0.7%)
	512	99.2%	(5.6%)
	1024	93.6%	(21.3%)
	2048	72.3%	(50.4%)
	4096	21.9%	(21.8%)
	8192	0.1%	(0.1%)
65000	mean = 33915.8	max = 124932
	64	100%	(0.1%)
	128	99.9%	(0.3%)
	256	99.6%	(0.6%)
	512	99%	(5.6%)
	1024	93.4%	(23.1%)
	2048	70.3%	(50.2%)
	4096	20.1%	(19.9%)
	8192	0.2%	(0.2%)
66000	mean = 34043.7	max = 102968
	64	100%	(0.2%)
	128	99.8%	(0.2%)
	256	99.6%	(0.7%)
	512	98.9%	(6.6%)
	1024	92.3%	(21.7%)
	2048	70.6%	(50.4%)
	4096	20.2%	(19.9%)
	8192	0.3%	(0.3%)
67000	mean = 36213.8	max = 108052
	64	100%	(0.1%)
	128	99.9%	(0.1%)
	256	99.8%	(0.8%)
	512	99%	(5.6%)
	1024	93.4%	(19.8%)
	2048	73.6%	(48.1%)
	4096	25.5%	(24.9%)
	8192	0.6%	(0.6%)
68000	mean = 35239	max = 129592
	64	100%	(0.1%)
	128	99.9%	(0.3%)
	256	99.6%	(1.8%)
	512	97.8%	(5.4%)
	1024	92.4%	(21.6%)
	2048	70.8%	(46.5%)
	4096	24.3%	(23.9%)
	8192	0.4%	(0.4%)
69000	mean = 35669.3	max = 120112
	256	100%	(1%)
	512	99%	(4.6%)
	1024	94.4%	(20.2%)
	2048	74.2%	(51.1%)
	4096	23.1%	(22.9%)
	8192	0.2%	(0.2%)
70000	mean = 36526.9	max = 113776
	128	100%	(0.1%)
	256	99.9%	(1%)
	512	98.9%	(4.4%)
	1024	94.5%	(20%)
	2048	74.5%	(48.8%)
	4096	25.7%	(25.4%)
	8192	0.3%	(0.3%)
6-tuple pattern 012345 is saved to td_afterstate.bin
6-tuple pattern 456789 is saved to td_afterstate.bin
6-tuple pattern 012456 is saved to td_afterstate.bin
6-tuple pattern 45689a is saved to td_afterstate.bin
71000	mean = 35987.1	max = 107872
	128	100%	(0.4%)
	256	99.6%	(0.8%)
	512	98.8%	(6.2%)
	1024	92.6%	(19.4%)
	2048	73.2%	(47.8%)
	4096	25.4%	(25.2%)
	8192	0.2%	(0.2%)
72000	mean = 36190.7	max = 107956
	32	100%	(0.1%)
	128	99.9%	(0.2%)
	256	99.7%	(0.8%)
	512	98.9%	(5.9%)
	1024	93%	(19.8%)
	2048	73.2%	(45.9%)
	4096	27.3%	(27%)
	8192	0.3%	(0.3%)
73000	mean = 37242.5	max = 124968
	256	100%	(1.7%)
	512	98.3%	(4.9%)
	1024	93.4%	(17.6%)
	2048	75.8%	(48.7%)
	4096	27.1%	(26.4%)
	8192	0.7%	(0.7%)
74000	mean = 37274.2	max = 124600
	64	100%	(0.1%)
	128	99.9%	(0.1%)
	256	99.8%	(0.6%)
	512	99.2%	(5.3%)
	1024	93.9%	(19.2%)
	2048	74.7%	(48.1%)
	4096	26.6%	(25.2%)
	8192	1.4%	(1.4%)
75000	mean = 37013.6	max = 121172
	256	100%	(1.1%)
	512	98.9%	(6.6%)
	1024	92.3%	(18.6%)
	2048	73.7%	(45.6%)
	4096	28.1%	(27.5%)
	8192	0.6%	(0.6%)
76000	mean = 37015.1	max = 128592
	64	100%	(0.2%)
	256	99.8%	(0.7%)
	512	99.1%	(5.4%)
	1024	93.7%	(20.3%)
	2048	73.4%	(46%)
	4096	27.4%	(27.1%)
	8192	0.3%	(0.3%)
77000	mean = 37596.9	max = 112264
	128	100%	(0.3%)
	256	99.7%	(0.5%)
	512	99.2%	(4.9%)
	1024	94.3%	(18.3%)
	2048	76%	(47.4%)
	4096	28.6%	(28.3%)
	8192	0.3%	(0.3%)
78000	mean = 38814.6	max = 125344
	128	100%	(0.1%)
	256	99.9%	(1.2%)
	512	98.7%	(3.6%)
	1024	95.1%	(18.7%)
	2048	76.4%	(44.8%)
	4096	31.6%	(31.1%)
	8192	0.5%	(0.5%)
79000	mean = 38783.6	max = 126548
	256	100%	(1.2%)
	512	98.8%	(4.7%)
	1024	94.1%	(17.5%)
	2048	76.6%	(44.8%)
	4096	31.8%	(31.5%)
	8192	0.3%	(0.3%)
80000	mean = 39274.1	max = 127616
	128	100%	(0.2%)
	256	99.8%	(1%)
	512	98.8%	(3.8%)
	1024	95%	(17.9%)
	2048	77.1%	(43.4%)
	4096	33.7%	(33.2%)
	8192	0.5%	(0.5%)
6-tuple pattern 012345 is saved to td_afterstate.bin
6-tuple pattern 456789 is saved to td_afterstate.bin
6-tuple pattern 012456 is saved to td_afterstate.bin
6-tuple pattern 45689a is saved to td_afterstate.bin
81000	mean = 38277.1	max = 124712
	32	100%	(0.1%)
	128	99.9%	(0.1%)
	256	99.8%	(1%)
	512	98.8%	(4.1%)
	1024	94.7%	(19.1%)
	2048	75.6%	(45.2%)
	4096	30.4%	(29.9%)
	8192	0.5%	(0.5%)
82000	mean = 39247.5	max = 106304
	128	100%	(0.3%)
	256	99.7%	(0.9%)
	512	98.8%	(6.5%)
	1024	92.3%	(16%)
	2048	76.3%	(42.1%)
	4096	34.2%	(33.7%)
	8192	0.5%	(0.5%)
83000	mean = 38072.6	max = 124704
	64	100%	(0.1%)
	128	99.9%	(0.1%)
	256	99.8%	(0.9%)
	512	98.9%	(5.9%)
	1024	93%	(18.1%)
	2048	74.9%	(43.1%)
	4096	31.8%	(31.3%)
	8192	0.5%	(0.5%)
84000	mean = 39230	max = 110764
	64	100%	(0.1%)
	128	99.9%	(0.1%)
	256	99.8%	(0.9%)
	512	98.9%	(5.2%)
	1024	93.7%	(17.8%)
	2048	75.9%	(42.2%)
	4096	33.7%	(33%)
	8192	0.7%	(0.7%)
85000	mean = 39035.4	max = 124108
	256	100%	(0.6%)
	512	99.4%	(5%)
	1024	94.4%	(19.5%)
	2048	74.9%	(43.2%)
	4096	31.7%	(31.2%)
	8192	0.5%	(0.5%)
86000	mean = 39084.4	max = 109848
	256	100%	(0.7%)
	512	99.3%	(5.3%)
	1024	94%	(18.6%)
	2048	75.4%	(43.1%)
	4096	32.3%	(31.7%)
	8192	0.6%	(0.6%)
87000	mean = 40447.8	max = 122672
	64	100%	(0.1%)
	128	99.9%	(0.1%)
	256	99.8%	(1.2%)
	512	98.6%	(4.1%)
	1024	94.5%	(15.6%)
	2048	78.9%	(42.6%)
	4096	36.3%	(35.6%)
	8192	0.7%	(0.7%)
88000	mean = 40425.9	max = 131216
	256	100%	(0.9%)
	512	99.1%	(4.5%)
	1024	94.6%	(16.4%)
	2048	78.2%	(44.2%)
	4096	34%	(33.1%)
	8192	0.9%	(0.9%)
89000	mean = 39978	max = 142704
	64	100%	(0.2%)
	128	99.8%	(0.1%)
	256	99.7%	(0.9%)
	512	98.8%	(4.8%)
	1024	94%	(18%)
	2048	76%	(41.7%)
	4096	34.3%	(33.3%)
	8192	1%	(1%)
90000	mean = 39409	max = 140896
	128	100%	(0.2%)
	256	99.8%	(0.8%)
	512	99%	(6.1%)
	1024	92.9%	(16.6%)
	2048	76.3%	(42.8%)
	4096	33.5%	(32.5%)
	8192	1%	(1%)
6-tuple pattern 012345 is saved to td_afterstate.bin
6-tuple pattern 456789 is saved to td_afterstate.bin
6-tuple pattern 012456 is saved to td_afterstate.bin
6-tuple pattern 45689a is saved to td_afterstate.bin
91000	mean = 41349.4	max = 130704
	64	100%	(0.1%)
	128	99.9%	(0.1%)
	256	99.8%	(0.6%)
	512	99.2%	(5.4%)
	1024	93.8%	(16%)
	2048	77.8%	(39.5%)
	4096	38.3%	(37.2%)
	8192	1.1%	(1.1%)
92000	mean = 40165.6	max = 120584
	128	100%	(0.1%)
	256	99.9%	(1.8%)
	512	98.1%	(5%)
	1024	93.1%	(17%)
	2048	76.1%	(39.2%)
	4096	36.9%	(36.2%)
	8192	0.7%	(0.7%)
93000	mean = 40411.6	max = 133232
	64	100%	(0.1%)
	256	99.9%	(0.9%)
	512	99%	(4.4%)
	1024	94.6%	(17.5%)
	2048	77.1%	(41.1%)
	4096	36%	(35.2%)
	8192	0.8%	(0.8%)
94000	mean = 41576.9	max = 131208
	64	100%	(0.2%)
	256	99.8%	(1.1%)
	512	98.7%	(4.4%)
	1024	94.3%	(15.4%)
	2048	78.9%	(41.3%)
	4096	37.6%	(36.7%)
	8192	0.9%	(0.9%)
95000	mean = 42716.7	max = 126040
	128	100%	(0.1%)
	256	99.9%	(0.9%)
	512	99%	(4.3%)
	1024	94.7%	(13.9%)
	2048	80.8%	(40%)
	4096	40.8%	(39.4%)
	8192	1.4%	(1.4%)
96000	mean = 42564.9	max = 129804
	128	100%	(0.1%)
	256	99.9%	(1.2%)
	512	98.7%	(4.8%)
	1024	93.9%	(14.3%)
	2048	79.6%	(39.2%)
	4096	40.4%	(39.3%)
	8192	1.1%	(1.1%)
97000	mean = 41286.8	max = 117532
	256	100%	(0.8%)
	512	99.2%	(5.3%)
	1024	93.9%	(16.6%)
	2048	77.3%	(39.6%)
	4096	37.7%	(36.8%)
	8192	0.9%	(0.9%)
98000	mean = 42945.9	max = 129460
	64	100%	(0.1%)
	256	99.9%	(0.8%)
	512	99.1%	(4.7%)
	1024	94.4%	(14.7%)
	2048	79.7%	(38.9%)
	4096	40.8%	(38.9%)
	8192	1.9%	(1.9%)
99000	mean = 40682.3	max = 139192
	128	100%	(0.1%)
	256	99.9%	(0.9%)
	512	99%	(6.4%)
	1024	92.6%	(16.1%)
	2048	76.5%	(39.7%)
	4096	36.8%	(36%)
	8192	0.8%	(0.8%)
100000	mean = 42672.3	max = 122540
	256	100%	(0.8%)
	512	99.2%	(3.3%)
	1024	95.9%	(16%)
	2048	79.9%	(40.1%)
	4096	39.8%	(38.9%)
	8192	0.9%	(0.9%)
6-tuple pattern 012345 is saved to td_afterstate.bin
6-tuple pattern 456789 is saved to td_afterstate.bin
6-tuple pattern 012456 is saved to td_afterstate.bin
6-tuple pattern 45689a is saved to td_afterstate.bin
6-tuple pattern 012345 is saved to td_afterstate.bin
6-tuple pattern 456789 is saved to td_afterstate.bin
6-tuple pattern 012456 is saved to td_afterstate.bin
6-tuple pattern 45689a is saved to td_afterstate.bin
