TDL2048-Demo
alpha = 0.1
total = 100000
seed = 2818185687
6-tuple pattern 012345, size = 16777216 (64MB)
6-tuple pattern 456789, size = 16777216 (64MB)
6-tuple pattern 012456, size = 16777216 (64MB)
6-tuple pattern 45689a, size = 16777216 (64MB)
1000	mean = 4065.53	max = 14496
	64	100%	(1.1%)
	128	98.9%	(10.9%)
	256	88%	(48.9%)
	512	39.1%	(36.4%)
	1024	2.7%	(2.7%)
2000	mean = 6171.54	max = 15496
	64	100%	(0.1%)
	128	99.9%	(3.9%)
	256	96%	(26.8%)
	512	69.2%	(54.6%)
	1024	14.6%	(14.6%)
3000	mean = 8656.28	max = 25304
	128	100%	(1.6%)
	256	98.4%	(10.8%)
	512	87.6%	(51.5%)
	1024	36.1%	(35.3%)
	2048	0.8%	(0.8%)
4000	mean = 10123.5	max = 28344
	128	100%	(1.1%)
	256	98.9%	(7%)
	512	91.9%	(43%)
	1024	48.9%	(47%)
	2048	1.9%	(1.9%)
5000	mean = 11190.8	max = 29564
	64	100%	(0.1%)
	128	99.9%	(0.3%)
	256	99.6%	(5.7%)
	512	93.9%	(38.4%)
	1024	55.5%	(52%)
	2048	3.5%	(3.5%)
6000	mean = 12435.1	max = 31596
	128	100%	(0.2%)
	256	99.8%	(5.1%)
	512	94.7%	(29.5%)
	1024	65.2%	(58.6%)
	2048	6.6%	(6.6%)
7000	mean = 13037.1	max = 32600
	128	100%	(0.4%)
	256	99.6%	(3.8%)
	512	95.8%	(29.1%)
	1024	66.7%	(58.3%)
	2048	8.4%	(8.4%)
8000	mean = 13857.5	max = 35400
	128	100%	(0.2%)
	256	99.8%	(3.5%)
	512	96.3%	(26%)
	1024	70.3%	(59%)
	2048	11.3%	(11.3%)
9000	mean = 14499.2	max = 35184
	128	100%	(0.3%)
	256	99.7%	(3.1%)
	512	96.6%	(24.4%)
	1024	72.2%	(58%)
	2048	14.2%	(14.2%)
10000	mean = 15651.8	max = 48704
	128	100%	(0.1%)
	256	99.9%	(2.2%)
	512	97.7%	(18.9%)
	1024	78.8%	(62.8%)
	2048	16%	(15.9%)
	4096	0.1%	(0.1%)
6-tuple pattern 012345 is saved to td_state.bin
6-tuple pattern 456789 is saved to td_state.bin
6-tuple pattern 012456 is saved to td_state.bin
6-tuple pattern 45689a is saved to td_state.bin
11000	mean = 16466.7	max = 54968
	128	100%	(0.1%)
	256	99.9%	(2.8%)
	512	97.1%	(19%)
	1024	78.1%	(55.8%)
	2048	22.3%	(21.9%)
	4096	0.4%	(0.4%)
12000	mean = 17168.8	max = 49960
	256	100%	(2.3%)
	512	97.7%	(17.3%)
	1024	80.4%	(56.5%)
	2048	23.9%	(23.4%)
	4096	0.5%	(0.5%)
13000	mean = 17690.3	max = 60000
	64	100%	(0.1%)
	256	99.9%	(2%)
	512	97.9%	(18.4%)
	1024	79.5%	(52.7%)
	2048	26.8%	(26.2%)
	4096	0.6%	(0.6%)
14000	mean = 18847.3	max = 65796
	128	100%	(0.1%)
	256	99.9%	(1.6%)
	512	98.3%	(15%)
	1024	83.3%	(51.7%)
	2048	31.6%	(31%)
	4096	0.6%	(0.6%)
15000	mean = 19152.8	max = 58648
	128	100%	(0.4%)
	256	99.6%	(1.4%)
	512	98.2%	(15%)
	1024	83.2%	(49.9%)
	2048	33.3%	(32.9%)
	4096	0.4%	(0.4%)
16000	mean = 19739.7	max = 70100
	128	100%	(0.2%)
	256	99.8%	(1.3%)
	512	98.5%	(12.7%)
	1024	85.8%	(51.4%)
	2048	34.4%	(33.4%)
	4096	1%	(1%)
17000	mean = 20320.3	max = 59380
	128	100%	(0.3%)
	256	99.7%	(1.5%)
	512	98.2%	(10.6%)
	1024	87.6%	(50.1%)
	2048	37.5%	(36.7%)
	4096	0.8%	(0.8%)
18000	mean = 20638.9	max = 63688
	64	100%	(0.1%)
	128	99.9%	(0.2%)
	256	99.7%	(1.3%)
	512	98.4%	(13.2%)
	1024	85.2%	(44.4%)
	2048	40.8%	(39.6%)
	4096	1.2%	(1.2%)
19000	mean = 21613	max = 67380
	128	100%	(0.1%)
	256	99.9%	(1.4%)
	512	98.5%	(10.9%)
	1024	87.6%	(45.5%)
	2048	42.1%	(40.1%)
	4096	2%	(2%)
20000	mean = 22443.1	max = 68588
	256	100%	(1.4%)
	512	98.6%	(9.8%)
	1024	88.8%	(43.5%)
	2048	45.3%	(42.1%)
	4096	3.2%	(3.2%)
6-tuple pattern 012345 is saved to td_state.bin
6-tuple pattern 456789 is saved to td_state.bin
6-tuple pattern 012456 is saved to td_state.bin
6-tuple pattern 45689a is saved to td_state.bin
21000	mean = 22689.2	max = 69832
	256	100%	(1.8%)
	512	98.2%	(8%)
	1024	90.2%	(46.8%)
	2048	43.4%	(39.3%)
	4096	4.1%	(4.1%)
22000	mean = 22827.6	max = 70076
	256	100%	(1.7%)
	512	98.3%	(11.1%)
	1024	87.2%	(36.4%)
	2048	50.8%	(48.6%)
	4096	2.2%	(2.2%)
23000	mean = 23970.7	max = 68292
	128	100%	(0.1%)
	256	99.9%	(1%)
	512	98.9%	(9.5%)
	1024	89.4%	(38.7%)
	2048	50.7%	(46.8%)
	4096	3.9%	(3.9%)
24000	mean = 24288.3	max = 73816
	128	100%	(0.1%)
	256	99.9%	(0.7%)
	512	99.2%	(8.5%)
	1024	90.7%	(40.9%)
	2048	49.8%	(45.2%)
	4096	4.6%	(4.6%)
25000	mean = 24707.7	max = 67788
	128	100%	(0.1%)
	256	99.9%	(1.2%)
	512	98.7%	(8%)
	1024	90.7%	(38.1%)
	2048	52.6%	(47.3%)
	4096	5.3%	(5.3%)
26000	mean = 25088	max = 73144
	256	100%	(0.8%)
	512	99.2%	(7.8%)
	1024	91.4%	(37.3%)
	2048	54.1%	(48.6%)
	4096	5.5%	(5.5%)
27000	mean = 25621.1	max = 76720
	256	100%	(0.8%)
	512	99.2%	(7.1%)
	1024	92.1%	(38.4%)
	2048	53.7%	(47.1%)
	4096	6.6%	(6.6%)
28000	mean = 26381.3	max = 73472
	128	100%	(0.1%)
	256	99.9%	(1%)
	512	98.9%	(6.2%)
	1024	92.7%	(34.8%)
	2048	57.9%	(50.8%)
	4096	7.1%	(7.1%)
29000	mean = 26250.3	max = 81688
	256	100%	(1.3%)
	512	98.7%	(9%)
	1024	89.7%	(32.5%)
	2048	57.2%	(50.6%)
	4096	6.6%	(6.6%)
30000	mean = 26007.3	max = 77044
	256	100%	(1.6%)
	512	98.4%	(7.4%)
	1024	91%	(33%)
	2048	58%	(52.1%)
	4096	5.9%	(5.9%)
6-tuple pattern 012345 is saved to td_state.bin
6-tuple pattern 456789 is saved to td_state.bin
6-tuple pattern 012456 is saved to td_state.bin
6-tuple pattern 45689a is saved to td_state.bin
31000	mean = 27053.5	max = 78356
	128	100%	(0.2%)
	256	99.8%	(1%)
	512	98.8%	(7.2%)
	1024	91.6%	(33.7%)
	2048	57.9%	(49.7%)
	4096	8.2%	(8.2%)
32000	mean = 28374.4	max = 75612
	128	100%	(0.1%)
	256	99.9%	(1.1%)
	512	98.8%	(5.9%)
	1024	92.9%	(29.4%)
	2048	63.5%	(53.9%)
	4096	9.6%	(9.6%)
33000	mean = 26830.5	max = 97604
	128	100%	(0.3%)
	256	99.7%	(1.7%)
	512	98%	(8%)
	1024	90%	(31.1%)
	2048	58.9%	(51.3%)
	4096	7.6%	(7.5%)
	8192	0.1%	(0.1%)
34000	mean = 27623.5	max = 96488
	64	100%	(0.1%)
	128	99.9%	(0.4%)
	256	99.5%	(0.7%)
	512	98.8%	(7.4%)
	1024	91.4%	(32.4%)
	2048	59%	(50.5%)
	4096	8.5%	(8.4%)
	8192	0.1%	(0.1%)
35000	mean = 27887.1	max = 73276
	128	100%	(0.4%)
	256	99.6%	(0.5%)
	512	99.1%	(7%)
	1024	92.1%	(31.1%)
	2048	61%	(51.4%)
	4096	9.6%	(9.6%)
36000	mean = 29043.5	max = 82132
	128	100%	(0.1%)
	256	99.9%	(0.4%)
	512	99.5%	(5.6%)
	1024	93.9%	(31.4%)
	2048	62.5%	(51.7%)
	4096	10.8%	(10.8%)
37000	mean = 28540.4	max = 78508
	128	100%	(0.1%)
	256	99.9%	(0.8%)
	512	99.1%	(6.6%)
	1024	92.5%	(29.6%)
	2048	62.9%	(53.5%)
	4096	9.4%	(9.4%)
38000	mean = 29210.6	max = 116596
	256	100%	(0.8%)
	512	99.2%	(8%)
	1024	91.2%	(27%)
	2048	64.2%	(54%)
	4096	10.2%	(10.1%)
	8192	0.1%	(0.1%)
39000	mean = 29692.3	max = 81832
	128	100%	(0.3%)
	256	99.7%	(0.3%)
	512	99.4%	(5.5%)
	1024	93.9%	(27.5%)
	2048	66.4%	(56.7%)
	4096	9.7%	(9.7%)
40000	mean = 29308.1	max = 79240
	128	100%	(0.2%)
	256	99.8%	(1%)
	512	98.8%	(7.3%)
	1024	91.5%	(27.7%)
	2048	63.8%	(53.4%)
	4096	10.4%	(10.4%)
6-tuple pattern 012345 is saved to td_state.bin
6-tuple pattern 456789 is saved to td_state.bin
6-tuple pattern 012456 is saved to td_state.bin
6-tuple pattern 45689a is saved to td_state.bin
41000	mean = 30208.6	max = 80224
	256	100%	(0.6%)
	512	99.4%	(6.6%)
	1024	92.8%	(25.7%)
	2048	67.1%	(55%)
	4096	12.1%	(12.1%)
42000	mean = 30034.3	max = 81964
	64	100%	(0.1%)
	128	99.9%	(0.1%)
	256	99.8%	(0.9%)
	512	98.9%	(7%)
	1024	91.9%	(26.8%)
	2048	65.1%	(53.5%)
	4096	11.6%	(11.6%)
43000	mean = 31265.9	max = 88844
	256	100%	(1%)
	512	99%	(5.3%)
	1024	93.7%	(25.2%)
	2048	68.5%	(56.1%)
	4096	12.4%	(12.4%)
44000	mean = 32246.2	max = 108236
	128	100%	(0.1%)
	256	99.9%	(1%)
	512	98.9%	(4.5%)
	1024	94.4%	(23.9%)
	2048	70.5%	(56.7%)
	4096	13.8%	(13.6%)
	8192	0.2%	(0.2%)
45000	mean = 31564.4	max = 78944
	256	100%	(0.8%)
	512	99.2%	(5%)
	1024	94.2%	(23.9%)
	2048	70.3%	(58%)
	4096	12.3%	(12.3%)
46000	mean = 32467.6	max = 111848
	256	100%	(0.4%)
	512	99.6%	(5.5%)
	1024	94.1%	(24%)
	2048	70.1%	(55.6%)
	4096	14.5%	(14.2%)
	8192	0.3%	(0.3%)
47000	mean = 32693.5	max = 82992
	128	100%	(0.1%)
	256	99.9%	(0.4%)
	512	99.5%	(6.2%)
	1024	93.3%	(21.4%)
	2048	71.9%	(56.8%)
	4096	15.1%	(15.1%)
48000	mean = 32238.7	max = 115620
	64	100%	(0.1%)
	256	99.9%	(0.4%)
	512	99.5%	(5.1%)
	1024	94.4%	(24.5%)
	2048	69.9%	(55.5%)
	4096	14.4%	(14.3%)
	8192	0.1%	(0.1%)
49000	mean = 32890.4	max = 80160
	256	100%	(0.8%)
	512	99.2%	(6.6%)
	1024	92.6%	(19.1%)
	2048	73.5%	(57.7%)
	4096	15.8%	(15.8%)
50000	mean = 33723.4	max = 127472
	256	100%	(0.6%)
	512	99.4%	(5.6%)
	1024	93.8%	(21.3%)
	2048	72.5%	(54.6%)
	4096	17.9%	(17.6%)
	8192	0.3%	(0.3%)
6-tuple pattern 012345 is saved to td_state.bin
6-tuple pattern 456789 is saved to td_state.bin
6-tuple pattern 012456 is saved to td_state.bin
6-tuple pattern 45689a is saved to td_state.bin
51000	mean = 33874.5	max = 81168
	128	100%	(0.2%)
	256	99.8%	(0.6%)
	512	99.2%	(4.1%)
	1024	95.1%	(17.8%)
	2048	77.3%	(61.9%)
	4096	15.4%	(15.4%)
52000	mean = 33571.7	max = 114924
	128	100%	(0.1%)
	256	99.9%	(0.5%)
	512	99.4%	(5.7%)
	1024	93.7%	(20.6%)
	2048	73.1%	(56.4%)
	4096	16.7%	(16.4%)
	8192	0.3%	(0.3%)
53000	mean = 33826.9	max = 85632
	256	100%	(0.5%)
	512	99.5%	(4.8%)
	1024	94.7%	(22%)
	2048	72.7%	(55.5%)
	4096	17.2%	(17.2%)
54000	mean = 33648.2	max = 130280
	256	100%	(0.5%)
	512	99.5%	(5.9%)
	1024	93.6%	(20.7%)
	2048	72.9%	(57.2%)
	4096	15.7%	(15.6%)
	8192	0.1%	(0.1%)
55000	mean = 33680.8	max = 110220
	64	100%	(0.2%)
	128	99.8%	(0.1%)
	256	99.7%	(0.5%)
	512	99.2%	(4.5%)
	1024	94.7%	(20.3%)
	2048	74.4%	(58%)
	4096	16.4%	(16.3%)
	8192	0.1%	(0.1%)
56000	mean = 34567	max = 120628
	64	100%	(0.1%)
	128	99.9%	(0.1%)
	256	99.8%	(0.9%)
	512	98.9%	(4.7%)
	1024	94.2%	(20.1%)
	2048	74.1%	(55.8%)
	4096	18.3%	(18%)
	8192	0.3%	(0.3%)
57000	mean = 34506.8	max = 109692
	64	100%	(0.1%)
	256	99.9%	(0.7%)
	512	99.2%	(5.3%)
	1024	93.9%	(19.7%)
	2048	74.2%	(56.5%)
	4096	17.7%	(17.5%)
	8192	0.2%	(0.2%)
58000	mean = 34773	max = 108600
	256	100%	(1.4%)
	512	98.6%	(4.8%)
	1024	93.8%	(19.1%)
	2048	74.7%	(56.4%)
	4096	18.3%	(18.1%)
	8192	0.2%	(0.2%)
59000	mean = 34660	max = 108672
	256	100%	(1%)
	512	99%	(4%)
	1024	95%	(20.1%)
	2048	74.9%	(57%)
	4096	17.9%	(17.7%)
	8192	0.2%	(0.2%)
60000	mean = 34666.6	max = 80660
	256	100%	(0.3%)
	512	99.7%	(5.2%)
	1024	94.5%	(21.5%)
	2048	73%	(54.2%)
	4096	18.8%	(18.8%)
6-tuple pattern 012345 is saved to td_state.bin
6-tuple pattern 456789 is saved to td_state.bin
6-tuple pattern 012456 is saved to td_state.bin
6-tuple pattern 45689a is saved to td_state.bin
61000	mean = 35727.7	max = 108084
	256	100%	(0.2%)
	512	99.8%	(4.6%)
	1024	95.2%	(17.4%)
	2048	77.8%	(59%)
	4096	18.8%	(18.4%)
	8192	0.4%	(0.4%)
62000	mean = 34957.5	max = 116672
	128	100%	(0.3%)
	256	99.7%	(0.5%)
	512	99.2%	(5.9%)
	1024	93.3%	(16.1%)
	2048	77.2%	(60%)
	4096	17.2%	(17.1%)
	8192	0.1%	(0.1%)
63000	mean = 35252.5	max = 119268
	256	100%	(0.5%)
	512	99.5%	(5.2%)
	1024	94.3%	(19%)
	2048	75.3%	(56.2%)
	4096	19.1%	(18.7%)
	8192	0.4%	(0.4%)
64000	mean = 35142.6	max = 118636
	256	100%	(0.6%)
	512	99.4%	(5.1%)
	1024	94.3%	(19.7%)
	2048	74.6%	(56.7%)
	4096	17.9%	(17.6%)
	8192	0.3%	(0.3%)
65000	mean = 35228.3	max = 116468
	128	100%	(0.3%)
	256	99.7%	(0.4%)
	512	99.3%	(5.5%)
	1024	93.8%	(17.9%)
	2048	75.9%	(57.7%)
	4096	18.2%	(17.9%)
	8192	0.3%	(0.3%)
66000	mean = 35836.3	max = 112372
	256	100%	(0.6%)
	512	99.4%	(4.6%)
	1024	94.8%	(19%)
	2048	75.8%	(55.5%)
	4096	20.3%	(20%)
	8192	0.3%	(0.3%)
67000	mean = 35867.6	max = 105120
	64	100%	(0.1%)
	128	99.9%	(0.1%)
	256	99.8%	(0.5%)
	512	99.3%	(5.6%)
	1024	93.7%	(18.7%)
	2048	75%	(53.9%)
	4096	21.1%	(20.9%)
	8192	0.2%	(0.2%)
68000	mean = 35720.8	max = 106936
	64	100%	(0.1%)
	128	99.9%	(0.1%)
	256	99.8%	(0.9%)
	512	98.9%	(4%)
	1024	94.9%	(17%)
	2048	77.9%	(59.9%)
	4096	18%	(17.6%)
	8192	0.4%	(0.4%)
69000	mean = 35603.6	max = 122540
	128	100%	(0.2%)
	256	99.8%	(0.9%)
	512	98.9%	(5%)
	1024	93.9%	(18.8%)
	2048	75.1%	(55.6%)
	4096	19.5%	(18.9%)
	8192	0.6%	(0.6%)
70000	mean = 35462.3	max = 112216
	64	100%	(0.1%)
	128	99.9%	(0.4%)
	256	99.5%	(0.4%)
	512	99.1%	(5.7%)
	1024	93.4%	(17.1%)
	2048	76.3%	(57.6%)
	4096	18.7%	(18.4%)
	8192	0.3%	(0.3%)
6-tuple pattern 012345 is saved to td_state.bin
6-tuple pattern 456789 is saved to td_state.bin
6-tuple pattern 012456 is saved to td_state.bin
6-tuple pattern 45689a is saved to td_state.bin
71000	mean = 36550.4	max = 110284
	128	100%	(0.1%)
	256	99.9%	(0.5%)
	512	99.4%	(5.4%)
	1024	94%	(16.6%)
	2048	77.4%	(57.6%)
	4096	19.8%	(19.1%)
	8192	0.7%	(0.7%)
72000	mean = 36896.6	max = 128016
	128	100%	(0.1%)
	256	99.9%	(0.4%)
	512	99.5%	(4.6%)
	1024	94.9%	(17.6%)
	2048	77.3%	(56%)
	4096	21.3%	(20.8%)
	8192	0.5%	(0.5%)
73000	mean = 36121.5	max = 118844
	128	100%	(0.1%)
	256	99.9%	(0.5%)
	512	99.4%	(4.8%)
	1024	94.6%	(18.9%)
	2048	75.7%	(56.7%)
	4096	19%	(18.7%)
	8192	0.3%	(0.3%)
74000	mean = 36700.2	max = 129620
	64	100%	(0.2%)
	256	99.8%	(1%)
	512	98.8%	(5.2%)
	1024	93.6%	(16.2%)
	2048	77.4%	(56.3%)
	4096	21.1%	(20.2%)
	8192	0.9%	(0.9%)
75000	mean = 38027.6	max = 126028
	64	100%	(0.1%)
	256	99.9%	(0.6%)
	512	99.3%	(4.1%)
	1024	95.2%	(16.5%)
	2048	78.7%	(55.5%)
	4096	23.2%	(22.1%)
	8192	1.1%	(1.1%)
76000	mean = 36490.2	max = 116276
	64	100%	(0.1%)
	256	99.9%	(0.6%)
	512	99.3%	(4.6%)
	1024	94.7%	(16.5%)
	2048	78.2%	(57.1%)
	4096	21.1%	(21%)
	8192	0.1%	(0.1%)
77000	mean = 36861.5	max = 112180
	256	100%	(0.4%)
	512	99.6%	(5.1%)
	1024	94.5%	(17.5%)
	2048	77%	(54.6%)
	4096	22.4%	(21.7%)
	8192	0.7%	(0.7%)
78000	mean = 37329.5	max = 124276
	128	100%	(0.1%)
	256	99.9%	(0.8%)
	512	99.1%	(4.9%)
	1024	94.2%	(17.2%)
	2048	77%	(54.9%)
	4096	22.1%	(21.5%)
	8192	0.6%	(0.6%)
79000	mean = 37356	max = 130020
	64	100%	(0.1%)
	128	99.9%	(0.1%)
	256	99.8%	(1%)
	512	98.8%	(4.5%)
	1024	94.3%	(17.1%)
	2048	77.2%	(54.3%)
	4096	22.9%	(22.4%)
	8192	0.5%	(0.5%)
80000	mean = 37642.8	max = 118512
	64	100%	(0.1%)
	256	99.9%	(0.6%)
	512	99.3%	(5%)
	1024	94.3%	(14.8%)
	2048	79.5%	(57.6%)
	4096	21.9%	(21.2%)
	8192	0.7%	(0.7%)
6-tuple pattern 012345 is saved to td_state.bin
6-tuple pattern 456789 is saved to td_state.bin
6-tuple pattern 012456 is saved to td_state.bin
6-tuple pattern 45689a is saved to td_state.bin
81000	mean = 37621.1	max = 117584
	64	100%	(0.1%)
	256	99.9%	(0.5%)
	512	99.4%	(4%)
	1024	95.4%	(18.5%)
	2048	76.9%	(53.7%)
	4096	23.2%	(22.8%)
	8192	0.4%	(0.4%)
82000	mean = 37248.1	max = 125992
	64	100%	(0.2%)
	128	99.8%	(0.2%)
	256	99.6%	(1%)
	512	98.6%	(5.4%)
	1024	93.2%	(14.9%)
	2048	78.3%	(55.9%)
	4096	22.4%	(21.9%)
	8192	0.5%	(0.5%)
83000	mean = 38601.7	max = 147396
	128	100%	(0.1%)
	256	99.9%	(0.3%)
	512	99.6%	(4%)
	1024	95.6%	(16.4%)
	2048	79.2%	(54.7%)
	4096	24.5%	(23.9%)
	8192	0.6%	(0.6%)
84000	mean = 38583.6	max = 129180
	128	100%	(0.2%)
	256	99.8%	(0.8%)
	512	99%	(5.7%)
	1024	93.3%	(14.3%)
	2048	79%	(54.3%)
	4096	24.7%	(23.8%)
	8192	0.9%	(0.9%)
85000	mean = 37837.8	max = 119872
	128	100%	(0.1%)
	256	99.9%	(0.8%)
	512	99.1%	(5.2%)
	1024	93.9%	(14.7%)
	2048	79.2%	(56.7%)
	4096	22.5%	(22%)
	8192	0.5%	(0.5%)
86000	mean = 38168.3	max = 127472
	128	100%	(0.2%)
	256	99.8%	(0.5%)
	512	99.3%	(5.2%)
	1024	94.1%	(16.9%)
	2048	77.2%	(51.9%)
	4096	25.3%	(24.5%)
	8192	0.8%	(0.8%)
87000	mean = 37956.4	max = 133276
	64	100%	(0.1%)
	128	99.9%	(0.1%)
	256	99.8%	(1.3%)
	512	98.5%	(5.2%)
	1024	93.3%	(14%)
	2048	79.3%	(57.2%)
	4096	22.1%	(21.3%)
	8192	0.8%	(0.8%)
88000	mean = 38848.9	max = 129028
	256	100%	(0.6%)
	512	99.4%	(5.5%)
	1024	93.9%	(13.8%)
	2048	80.1%	(54.1%)
	4096	26%	(25.2%)
	8192	0.8%	(0.8%)
89000	mean = 38632.6	max = 112232
	256	100%	(0.8%)
	512	99.2%	(4.6%)
	1024	94.6%	(15.9%)
	2048	78.7%	(52.9%)
	4096	25.8%	(25.2%)
	8192	0.6%	(0.6%)
90000	mean = 38943	max = 118100
	256	100%	(1.3%)
	512	98.7%	(4.1%)
	1024	94.6%	(15%)
	2048	79.6%	(54.9%)
	4096	24.7%	(23.8%)
	8192	0.9%	(0.9%)
6-tuple pattern 012345 is saved to td_state.bin
6-tuple pattern 456789 is saved to td_state.bin
6-tuple pattern 012456 is saved to td_state.bin
6-tuple pattern 45689a is saved to td_state.bin
91000	mean = 38480.9	max = 129904
	128	100%	(0.1%)
	256	99.9%	(0.7%)
	512	99.2%	(4.9%)
	1024	94.3%	(15.6%)
	2048	78.7%	(53.9%)
	4096	24.8%	(23.9%)
	8192	0.9%	(0.9%)
92000	mean = 37947.9	max = 131940
	128	100%	(0.1%)
	256	99.9%	(1.3%)
	512	98.6%	(4.9%)
	1024	93.7%	(16.5%)
	2048	77.2%	(53.2%)
	4096	24%	(23.2%)
	8192	0.8%	(0.8%)
93000	mean = 39213	max = 133368
	64	100%	(0.1%)
	128	99.9%	(0.1%)
	256	99.8%	(0.5%)
	512	99.3%	(4.3%)
	1024	95%	(15.2%)
	2048	79.8%	(54.6%)
	4096	25.2%	(24.2%)
	8192	1%	(1%)
94000	mean = 38406.4	max = 125800
	128	100%	(0.2%)
	256	99.8%	(0.6%)
	512	99.2%	(4.5%)
	1024	94.7%	(16.5%)
	2048	78.2%	(51.8%)
	4096	26.4%	(26%)
	8192	0.4%	(0.4%)
95000	mean = 38898.3	max = 120908
	128	100%	(0.1%)
	256	99.9%	(1.3%)
	512	98.6%	(5%)
	1024	93.6%	(13.5%)
	2048	80.1%	(54.8%)
	4096	25.3%	(24.3%)
	8192	1%	(1%)
96000	mean = 38466.2	max = 132020
	256	100%	(0.6%)
	512	99.4%	(4.8%)
	1024	94.6%	(15.8%)
	2048	78.8%	(54%)
	4096	24.8%	(24.3%)
	8192	0.5%	(0.5%)
97000	mean = 40141	max = 127392
	256	100%	(0.3%)
	512	99.7%	(3.1%)
	1024	96.6%	(15.5%)
	2048	81.1%	(53.2%)
	4096	27.9%	(26.6%)
	8192	1.3%	(1.3%)
98000	mean = 40028.8	max = 119672
	256	100%	(0.6%)
	512	99.4%	(4.1%)
	1024	95.3%	(12.7%)
	2048	82.6%	(56.7%)
	4096	25.9%	(24.8%)
	8192	1.1%	(1.1%)
99000	mean = 39419.8	max = 129360
	128	100%	(0.2%)
	256	99.8%	(0.9%)
	512	98.9%	(4.7%)
	1024	94.2%	(15.3%)
	2048	78.9%	(52.3%)
	4096	26.6%	(25.3%)
	8192	1.3%	(1.3%)
100000	mean = 39063.2	max = 127244
	256	100%	(0.8%)
	512	99.2%	(3.8%)
	1024	95.4%	(16.4%)
	2048	79%	(53.4%)
	4096	25.6%	(24.5%)
	8192	1.1%	(1.1%)
6-tuple pattern 012345 is saved to td_state.bin
6-tuple pattern 456789 is saved to td_state.bin
6-tuple pattern 012456 is saved to td_state.bin
6-tuple pattern 45689a is saved to td_state.bin
6-tuple pattern 012345 is saved to td_state.bin
6-tuple pattern 456789 is saved to td_state.bin
6-tuple pattern 012456 is saved to td_state.bin
6-tuple pattern 45689a is saved to td_state.bin
